interactions:
- request:
    body: '{"shipment": {"to_address": {"name": "Jack Sparrow", "street1": "388 Townsend
      St", "street2": "Apt 20", "city": "San Francisco", "state": "CA", "zip": "94107",
      "country": "US", "email": "test@example.com", "phone": "5555555555"}, "from_address":
      {"name": "Elizabeth Swan", "street1": "179 N Harbor Dr", "city": "Redondo Beach",
      "state": "CA", "zip": "90277", "country": "US", "email": "test@example.com",
      "phone": "5555555555"}, "parcel": {"length": 10, "width": 8, "height": 4, "weight":
      15.4}, "service": "First", "carrier_accounts": ["ca_b25657e9896e4d63ac8151ac346ac41e"],
      "carrier": "USPS"}, "carbon_offset": false}'
    headers:
      Accept:
      - '*/*'
      Accept-Encoding:
      - gzip, deflate
      Connection:
      - keep-alive
      Content-Length:
      - '620'
      Content-Type:
      - application/json
      authorization:
      - <REDACTED>
      user-agent:
      - <REDACTED>
    method: POST
    uri: https://api.easypost.com/v2/shipments
  response:
    body:
      string: '{"created_at": "2023-05-16T15:09:01Z", "is_return": false, "messages":
        [], "mode": "test", "options": {"currency": "USD", "payment": {"type": "SENDER"},
        "date_advance": 0}, "reference": null, "status": "unknown", "tracking_code":
        "9400100104262210314976", "updated_at": "2023-05-16T15:09:02Z", "batch_id":
        null, "batch_status": null, "batch_message": null, "customs_info": null, "from_address":
        {"id": "adr_97548187f3fb11edaf24ac1f6b0a0d1e", "object": "Address", "created_at":
        "2023-05-16T15:09:01+00:00", "updated_at": "2023-05-16T15:09:01+00:00", "name":
        "Elizabeth Swan", "company": null, "street1": "179 N Harbor Dr", "street2":
        null, "city": "Redondo Beach", "state": "CA", "zip": "90277", "country": "US",
        "phone": "<REDACTED>", "email": "<REDACTED>", "mode": "test", "carrier_facility":
        null, "residential": null, "federal_tax_id": null, "state_tax_id": null, "verifications":
        {}}, "insurance": null, "order_id": null, "parcel": {"id": "prcl_5fb09d738fa042868319f04c06619388",
        "object": "Parcel", "created_at": "2023-05-16T15:09:01Z", "updated_at": "2023-05-16T15:09:01Z",
        "length": 10.0, "width": 8.0, "height": 4.0, "predefined_package": null, "weight":
        15.4, "mode": "test"}, "postage_label": {"object": "PostageLabel", "id": "pl_882b473b3d8744c6961e2e0d7dbfc235",
        "created_at": "2023-05-16T15:09:02Z", "updated_at": "2023-05-16T15:09:02Z",
        "date_advance": 0, "integrated_form": "none", "label_date": "2023-05-16T15:09:02Z",
        "label_resolution": 300, "label_size": "4x6", "label_type": "default", "label_file_type":
        "image/png", "label_url": "https://easypost-files.s3.us-west-2.amazonaws.com/files/postage_label/20230516/6707c012152345928040d50307869170.png",
        "label_pdf_url": null, "label_zpl_url": null, "label_epl2_url": null, "label_file":
        null}, "rates": [{"id": "rate_053b9306842b41c6a11342e2eade3dda", "object":
        "Rate", "created_at": "2023-05-16T15:09:02Z", "updated_at": "2023-05-16T15:09:02Z",
        "mode": "test", "service": "Express", "carrier": "USPS", "rate": "31.25",
        "currency": "USD", "retail_rate": "35.80", "retail_currency": "USD", "list_rate":
        "31.25", "list_currency": "USD", "billing_type": "easypost", "delivery_days":
        null, "delivery_date": null, "delivery_date_guaranteed": false, "est_delivery_days":
        null, "shipment_id": "shp_9543343d31b44ec4863e3679570d73c2", "carrier_account_id":
        "ca_b25657e9896e4d63ac8151ac346ac41e"}, {"id": "rate_705a363033894072a568a34daa8dc7de",
        "object": "Rate", "created_at": "2023-05-16T15:09:02Z", "updated_at": "2023-05-16T15:09:02Z",
        "mode": "test", "service": "ParcelSelect", "carrier": "USPS", "rate": "6.76",
        "currency": "USD", "retail_rate": "7.75", "retail_currency": "USD", "list_rate":
        "7.75", "list_currency": "USD", "billing_type": "easypost", "delivery_days":
        5, "delivery_date": null, "delivery_date_guaranteed": false, "est_delivery_days":
        5, "shipment_id": "shp_9543343d31b44ec4863e3679570d73c2", "carrier_account_id":
        "ca_b25657e9896e4d63ac8151ac346ac41e"}, {"id": "rate_a90c2a5c4ac244fcb967fa765e27b49e",
        "object": "Rate", "created_at": "2023-05-16T15:09:02Z", "updated_at": "2023-05-16T15:09:02Z",
        "mode": "test", "service": "Priority", "carrier": "USPS", "rate": "7.15",
        "currency": "USD", "retail_rate": "10.20", "retail_currency": "USD", "list_rate":
        "8.24", "list_currency": "USD", "billing_type": "easypost", "delivery_days":
        2, "delivery_date": null, "delivery_date_guaranteed": false, "est_delivery_days":
        2, "shipment_id": "shp_9543343d31b44ec4863e3679570d73c2", "carrier_account_id":
        "ca_b25657e9896e4d63ac8151ac346ac41e"}, {"id": "rate_f8d3858e00544c2ba89f54d11fb6cd5c",
        "object": "Rate", "created_at": "2023-05-16T15:09:02Z", "updated_at": "2023-05-16T15:09:02Z",
        "mode": "test", "service": "First", "carrier": "USPS", "rate": "6.07", "currency":
        "USD", "retail_rate": "6.07", "retail_currency": "USD", "list_rate": "6.07",
        "list_currency": "USD", "billing_type": "easypost", "delivery_days": 3, "delivery_date":
        null, "delivery_date_guaranteed": false, "est_delivery_days": 3, "shipment_id":
        "shp_9543343d31b44ec4863e3679570d73c2", "carrier_account_id": "ca_b25657e9896e4d63ac8151ac346ac41e"}],
        "refund_status": null, "scan_form": null, "selected_rate": {"id": "rate_f8d3858e00544c2ba89f54d11fb6cd5c",
        "object": "Rate", "created_at": "2023-05-16T15:09:02Z", "updated_at": "2023-05-16T15:09:02Z",
        "mode": "test", "service": "First", "carrier": "USPS", "rate": "6.07", "currency":
        "USD", "retail_rate": "6.07", "retail_currency": "USD", "list_rate": "6.07",
        "list_currency": "USD", "billing_type": "easypost", "delivery_days": 3, "delivery_date":
        null, "delivery_date_guaranteed": false, "est_delivery_days": 3, "shipment_id":
        "shp_9543343d31b44ec4863e3679570d73c2", "carrier_account_id": "ca_b25657e9896e4d63ac8151ac346ac41e"},
        "tracker": {"id": "trk_45f92a81b4174285b025d8f29e1d87ab", "object": "Tracker",
        "mode": "test", "tracking_code": "9400100104262210314976", "status": "unknown",
        "status_detail": "unknown", "created_at": "2023-05-16T15:09:02Z", "updated_at":
        "2023-05-16T15:09:02Z", "signed_by": null, "weight": null, "est_delivery_date":
        null, "shipment_id": "shp_9543343d31b44ec4863e3679570d73c2", "carrier": "USPS",
        "tracking_details": [], "fees": [], "carrier_detail": null, "public_url":
        "https://track.easypost.com/djE6dHJrXzQ1ZjkyYTgxYjQxNzQyODViMDI1ZDhmMjllMWQ4N2Fi"},
        "to_address": {"id": "adr_9751eebdf3fb11eda524ac1f6bc7b362", "object": "Address",
        "created_at": "2023-05-16T15:09:01+00:00", "updated_at": "2023-05-16T15:09:02+00:00",
        "name": "JACK SPARROW", "company": null, "street1": "388 TOWNSEND ST APT 20",
        "street2": null, "city": "SAN FRANCISCO", "state": "CA", "zip": "94107-1670",
        "country": "US", "phone": "<REDACTED>", "email": "<REDACTED>", "mode": "test",
        "carrier_facility": null, "residential": true, "federal_tax_id": null, "state_tax_id":
        null, "verifications": {"zip4": {"success": true, "errors": [], "details":
        null}, "delivery": {"success": true, "errors": [], "details": {"latitude":
        37.77551, "longitude": -122.39697, "time_zone": "America/Los_Angeles"}}}},
        "usps_zone": 4, "return_address": {"id": "adr_97548187f3fb11edaf24ac1f6b0a0d1e",
        "object": "Address", "created_at": "2023-05-16T15:09:01+00:00", "updated_at":
        "2023-05-16T15:09:01+00:00", "name": "Elizabeth Swan", "company": null, "street1":
        "179 N Harbor Dr", "street2": null, "city": "Redondo Beach", "state": "CA",
        "zip": "90277", "country": "US", "phone": "<REDACTED>", "email": "<REDACTED>",
        "mode": "test", "carrier_facility": null, "residential": null, "federal_tax_id":
        null, "state_tax_id": null, "verifications": {}}, "buyer_address": {"id":
        "adr_9751eebdf3fb11eda524ac1f6bc7b362", "object": "Address", "created_at":
        "2023-05-16T15:09:01+00:00", "updated_at": "2023-05-16T15:09:02+00:00", "name":
        "JACK SPARROW", "company": null, "street1": "388 TOWNSEND ST APT 20", "street2":
        null, "city": "SAN FRANCISCO", "state": "CA", "zip": "94107-1670", "country":
        "US", "phone": "<REDACTED>", "email": "<REDACTED>", "mode": "test", "carrier_facility":
        null, "residential": true, "federal_tax_id": null, "state_tax_id": null, "verifications":
        {"zip4": {"success": true, "errors": [], "details": null}, "delivery": {"success":
        true, "errors": [], "details": {"latitude": 37.77551, "longitude": -122.39697,
        "time_zone": "America/Los_Angeles"}}}}, "forms": [], "fees": [{"object": "Fee",
        "type": "LabelFee", "amount": "0.00000", "charged": true, "refunded": false},
        {"object": "Fee", "type": "PostageFee", "amount": "6.07000", "charged": true,
        "refunded": false}], "id": "shp_9543343d31b44ec4863e3679570d73c2", "object":
        "Shipment"}'
    headers:
      cache-control:
      - private, no-cache, no-store
      content-length:
      - '6985'
      content-type:
      - application/json; charset=utf-8
      etag:
      - W/"59c8ae47e3ad6a94a1ef61808dcb4bff"
      expires:
      - '0'
      location:
      - /api/v2/shipments/shp_9543343d31b44ec4863e3679570d73c2
      pragma:
      - no-cache
      referrer-policy:
      - strict-origin-when-cross-origin
      strict-transport-security:
      - max-age=31536000; includeSubDomains; preload
      transfer-encoding:
      - chunked
      x-backend:
      - easypost
      x-content-type-options:
      - nosniff
      x-download-options:
      - noopen
      x-ep-request-uuid:
      - 23bee7e364639c8de786a7370020087d
      x-frame-options:
      - SAMEORIGIN
      x-node:
      - bigweb12nuq
      x-permitted-cross-domain-policies:
      - none
      x-proxied:
      - intlb1nuq a29e4ad05c
      - extlb2nuq 5ab12a3ed2
      x-runtime:
      - '1.039921'
      x-version-label:
      - easypost-202305152249-750e1e7d95-master
      x-xss-protection:
      - 1; mode=block
    status:
      code: 201
      message: Created
- request:
    body: null
    headers:
      Accept:
      - '*/*'
      Accept-Encoding:
      - gzip, deflate
      Connection:
      - keep-alive
      authorization:
      - <REDACTED>
      user-agent:
      - <REDACTED>
    method: GET
    uri: https://api.easypost.com/v2/shipments/shp_9543343d31b44ec4863e3679570d73c2
  response:
    body:
      string: '{"created_at": "2023-05-16T15:09:01Z", "is_return": false, "messages":
        [], "mode": "test", "options": {"currency": "USD", "payment": {"type": "SENDER"},
        "date_advance": 0}, "reference": null, "status": "unknown", "tracking_code":
        "9400100104262210314976", "updated_at": "2023-05-16T15:09:02Z", "batch_id":
        null, "batch_status": null, "batch_message": null, "customs_info": null, "from_address":
        {"id": "adr_97548187f3fb11edaf24ac1f6b0a0d1e", "object": "Address", "created_at":
        "2023-05-16T15:09:01+00:00", "updated_at": "2023-05-16T15:09:01+00:00", "name":
        "Elizabeth Swan", "company": null, "street1": "179 N Harbor Dr", "street2":
        null, "city": "Redondo Beach", "state": "CA", "zip": "90277", "country": "US",
        "phone": "<REDACTED>", "email": "<REDACTED>", "mode": "test", "carrier_facility":
        null, "residential": null, "federal_tax_id": null, "state_tax_id": null, "verifications":
        {}}, "insurance": null, "order_id": null, "parcel": {"id": "prcl_5fb09d738fa042868319f04c06619388",
        "object": "Parcel", "created_at": "2023-05-16T15:09:01Z", "updated_at": "2023-05-16T15:09:01Z",
        "length": 10.0, "width": 8.0, "height": 4.0, "predefined_package": null, "weight":
        15.4, "mode": "test"}, "postage_label": {"object": "PostageLabel", "id": "pl_882b473b3d8744c6961e2e0d7dbfc235",
        "created_at": "2023-05-16T15:09:02Z", "updated_at": "2023-05-16T15:09:02Z",
        "date_advance": 0, "integrated_form": "none", "label_date": "2023-05-16T15:09:02Z",
        "label_resolution": 300, "label_size": "4x6", "label_type": "default", "label_file_type":
        "image/png", "label_url": "https://easypost-files.s3.us-west-2.amazonaws.com/files/postage_label/20230516/6707c012152345928040d50307869170.png",
        "label_pdf_url": null, "label_zpl_url": null, "label_epl2_url": null, "label_file":
        null}, "rates": [{"id": "rate_053b9306842b41c6a11342e2eade3dda", "object":
        "Rate", "created_at": "2023-05-16T15:09:02Z", "updated_at": "2023-05-16T15:09:02Z",
        "mode": "test", "service": "Express", "carrier": "USPS", "rate": "31.25",
        "currency": "USD", "retail_rate": "35.80", "retail_currency": "USD", "list_rate":
        "31.25", "list_currency": "USD", "billing_type": "easypost", "delivery_days":
        null, "delivery_date": null, "delivery_date_guaranteed": false, "est_delivery_days":
        null, "shipment_id": "shp_9543343d31b44ec4863e3679570d73c2", "carrier_account_id":
        "ca_b25657e9896e4d63ac8151ac346ac41e"}, {"id": "rate_705a363033894072a568a34daa8dc7de",
        "object": "Rate", "created_at": "2023-05-16T15:09:02Z", "updated_at": "2023-05-16T15:09:02Z",
        "mode": "test", "service": "ParcelSelect", "carrier": "USPS", "rate": "6.76",
        "currency": "USD", "retail_rate": "7.75", "retail_currency": "USD", "list_rate":
        "7.75", "list_currency": "USD", "billing_type": "easypost", "delivery_days":
        5, "delivery_date": null, "delivery_date_guaranteed": false, "est_delivery_days":
        5, "shipment_id": "shp_9543343d31b44ec4863e3679570d73c2", "carrier_account_id":
        "ca_b25657e9896e4d63ac8151ac346ac41e"}, {"id": "rate_a90c2a5c4ac244fcb967fa765e27b49e",
        "object": "Rate", "created_at": "2023-05-16T15:09:02Z", "updated_at": "2023-05-16T15:09:02Z",
        "mode": "test", "service": "Priority", "carrier": "USPS", "rate": "7.15",
        "currency": "USD", "retail_rate": "10.20", "retail_currency": "USD", "list_rate":
        "8.24", "list_currency": "USD", "billing_type": "easypost", "delivery_days":
        2, "delivery_date": null, "delivery_date_guaranteed": false, "est_delivery_days":
        2, "shipment_id": "shp_9543343d31b44ec4863e3679570d73c2", "carrier_account_id":
        "ca_b25657e9896e4d63ac8151ac346ac41e"}, {"id": "rate_f8d3858e00544c2ba89f54d11fb6cd5c",
        "object": "Rate", "created_at": "2023-05-16T15:09:02Z", "updated_at": "2023-05-16T15:09:02Z",
        "mode": "test", "service": "First", "carrier": "USPS", "rate": "6.07", "currency":
        "USD", "retail_rate": "6.07", "retail_currency": "USD", "list_rate": "6.07",
        "list_currency": "USD", "billing_type": "easypost", "delivery_days": 3, "delivery_date":
        null, "delivery_date_guaranteed": false, "est_delivery_days": 3, "shipment_id":
        "shp_9543343d31b44ec4863e3679570d73c2", "carrier_account_id": "ca_b25657e9896e4d63ac8151ac346ac41e"}],
        "refund_status": null, "scan_form": null, "selected_rate": {"id": "rate_f8d3858e00544c2ba89f54d11fb6cd5c",
        "object": "Rate", "created_at": "2023-05-16T15:09:02Z", "updated_at": "2023-05-16T15:09:02Z",
        "mode": "test", "service": "First", "carrier": "USPS", "rate": "6.07", "currency":
        "USD", "retail_rate": "6.07", "retail_currency": "USD", "list_rate": "6.07",
        "list_currency": "USD", "billing_type": "easypost", "delivery_days": 3, "delivery_date":
        null, "delivery_date_guaranteed": false, "est_delivery_days": 3, "shipment_id":
        "shp_9543343d31b44ec4863e3679570d73c2", "carrier_account_id": "ca_b25657e9896e4d63ac8151ac346ac41e"},
        "tracker": {"id": "trk_45f92a81b4174285b025d8f29e1d87ab", "object": "Tracker",
        "mode": "test", "tracking_code": "9400100104262210314976", "status": "pre_transit",
        "status_detail": "status_update", "created_at": "2023-05-16T15:09:03Z", "updated_at":
        "2023-05-16T15:09:03Z", "signed_by": null, "weight": null, "est_delivery_date":
        "2023-05-16T15:09:03Z", "shipment_id": "shp_9543343d31b44ec4863e3679570d73c2",
        "carrier": "USPS", "tracking_details": [{"object": "TrackingDetail", "message":
        "Pre-Shipment Info Sent to USPS", "description": null, "status": "pre_transit",
        "status_detail": "status_update", "datetime": "2023-04-16T15:09:03Z", "source":
        "USPS", "carrier_code": null, "tracking_location": {"object": "TrackingLocation",
        "city": null, "state": null, "country": null, "zip": null}}, {"object": "TrackingDetail",
        "message": "Shipping Label Created", "description": null, "status": "pre_transit",
        "status_detail": "status_update", "datetime": "2023-04-17T03:46:03Z", "source":
        "USPS", "carrier_code": null, "tracking_location": {"object": "TrackingLocation",
        "city": "HOUSTON", "state": "TX", "country": null, "zip": "77063"}}], "fees":
        [], "carrier_detail": {"object": "CarrierDetail", "service": "First-Class
        Package Service", "container_type": null, "est_delivery_date_local": null,
        "est_delivery_time_local": null, "origin_location": "HOUSTON TX, 77001", "origin_tracking_location":
        {"object": "TrackingLocation", "city": "HOUSTON", "state": "TX", "country":
        null, "zip": "77063"}, "destination_location": "CHARLESTON SC, 29401", "destination_tracking_location":
        null, "guaranteed_delivery_date": null, "alternate_identifier": null, "initial_delivery_attempt":
        null}, "public_url": "https://track.easypost.com/djE6dHJrXzQ1ZjkyYTgxYjQxNzQyODViMDI1ZDhmMjllMWQ4N2Fi"},
        "to_address": {"id": "adr_9751eebdf3fb11eda524ac1f6bc7b362", "object": "Address",
        "created_at": "2023-05-16T15:09:01+00:00", "updated_at": "2023-05-16T15:09:02+00:00",
        "name": "JACK SPARROW", "company": null, "street1": "388 TOWNSEND ST APT 20",
        "street2": null, "city": "SAN FRANCISCO", "state": "CA", "zip": "94107-1670",
        "country": "US", "phone": "<REDACTED>", "email": "<REDACTED>", "mode": "test",
        "carrier_facility": null, "residential": true, "federal_tax_id": null, "state_tax_id":
        null, "verifications": {"zip4": {"success": true, "errors": [], "details":
        null}, "delivery": {"success": true, "errors": [], "details": {"latitude":
        37.77551, "longitude": -122.39697, "time_zone": "America/Los_Angeles"}}}},
        "usps_zone": 4, "return_address": {"id": "adr_97548187f3fb11edaf24ac1f6b0a0d1e",
        "object": "Address", "created_at": "2023-05-16T15:09:01+00:00", "updated_at":
        "2023-05-16T15:09:01+00:00", "name": "Elizabeth Swan", "company": null, "street1":
        "179 N Harbor Dr", "street2": null, "city": "Redondo Beach", "state": "CA",
        "zip": "90277", "country": "US", "phone": "<REDACTED>", "email": "<REDACTED>",
        "mode": "test", "carrier_facility": null, "residential": null, "federal_tax_id":
        null, "state_tax_id": null, "verifications": {}}, "buyer_address": {"id":
        "adr_9751eebdf3fb11eda524ac1f6bc7b362", "object": "Address", "created_at":
        "2023-05-16T15:09:01+00:00", "updated_at": "2023-05-16T15:09:02+00:00", "name":
        "JACK SPARROW", "company": null, "street1": "388 TOWNSEND ST APT 20", "street2":
        null, "city": "SAN FRANCISCO", "state": "CA", "zip": "94107-1670", "country":
        "US", "phone": "<REDACTED>", "email": "<REDACTED>", "mode": "test", "carrier_facility":
        null, "residential": true, "federal_tax_id": null, "state_tax_id": null, "verifications":
        {"zip4": {"success": true, "errors": [], "details": null}, "delivery": {"success":
        true, "errors": [], "details": {"latitude": 37.77551, "longitude": -122.39697,
        "time_zone": "America/Los_Angeles"}}}}, "forms": [], "fees": [{"object": "Fee",
        "type": "LabelFee", "amount": "0.00000", "charged": true, "refunded": false},
        {"object": "Fee", "type": "PostageFee", "amount": "6.07000", "charged": true,
        "refunded": false}], "id": "shp_9543343d31b44ec4863e3679570d73c2", "object":
        "Shipment"}'
    headers:
      cache-control:
      - private, no-cache, no-store
      content-length:
      - '8119'
      content-type:
      - application/json; charset=utf-8
      etag:
      - W/"12d69ff56c9b46e73ebb342e9b694ba6"
      expires:
      - '0'
      pragma:
      - no-cache
      referrer-policy:
      - strict-origin-when-cross-origin
      strict-transport-security:
      - max-age=31536000; includeSubDomains; preload
      transfer-encoding:
      - chunked
      x-backend:
      - easypost
      x-content-type-options:
      - nosniff
      x-download-options:
      - noopen
      x-ep-request-uuid:
      - 23bee7e364639c8fe786a737002008d1
      x-frame-options:
      - SAMEORIGIN
      x-node:
      - bigweb12nuq
      x-permitted-cross-domain-policies:
      - none
      x-proxied:
      - intlb1nuq a29e4ad05c
      - extlb2nuq 5ab12a3ed2
      x-runtime:
      - '0.152610'
      x-version-label:
      - easypost-202305152249-750e1e7d95-master
      x-xss-protection:
      - 1; mode=block
    status:
      code: 200
      message: OK
- request:
    body: '{"refund": {"carrier": "USPS", "tracking_codes": ["9400100104262210314976"]}}'
    headers:
      Accept:
      - '*/*'
      Accept-Encoding:
      - gzip, deflate
      Connection:
      - keep-alive
      Content-Length:
      - '77'
      Content-Type:
      - application/json
      authorization:
      - <REDACTED>
      user-agent:
      - <REDACTED>
    method: POST
    uri: https://api.easypost.com/v2/refunds
  response:
    body:
      string: '[{"id": "rfnd_bad47afb0a9743b6acbf1ecfad761aa5", "object": "Refund",
        "created_at": "2023-05-16T15:09:03Z", "updated_at": "2023-05-16T15:09:03Z",
        "tracking_code": "9400100104262210314976", "confirmation_number": null, "status":
        "submitted", "carrier": "USPS", "shipment_id": "shp_9543343d31b44ec4863e3679570d73c2"}]'
    headers:
      cache-control:
      - private, no-cache, no-store
      content-length:
      - '297'
      content-type:
      - application/json; charset=utf-8
      etag:
      - W/"413dcb5155378096d15b1f16151671c3"
      expires:
      - '0'
      pragma:
      - no-cache
      referrer-policy:
      - strict-origin-when-cross-origin
      strict-transport-security:
      - max-age=31536000; includeSubDomains; preload
      transfer-encoding:
      - chunked
      x-backend:
      - easypost
      x-content-type-options:
      - nosniff
      x-download-options:
      - noopen
      x-ep-request-uuid:
      - 23bee7e364639c8fe786a737002008e0
      x-frame-options:
      - SAMEORIGIN
      x-node:
      - bigweb8nuq
      x-permitted-cross-domain-policies:
      - none
      x-proxied:
      - intlb2nuq a29e4ad05c
      - extlb2nuq 5ab12a3ed2
      x-runtime:
      - '0.064801'
      x-version-label:
      - easypost-202305152249-750e1e7d95-master
      x-xss-protection:
      - 1; mode=block
    status:
      code: 201
      message: Created
version: 1
