interactions:
- request:
    body: null
    headers:
      Accept:
      - '*/*'
      Accept-Encoding:
      - gzip, deflate
      Connection:
      - keep-alive
      authorization:
      - REDACTED
      user-agent:
      - REDACTED
      x-client-user-agent:
      - REDACTED
    method: GET
    uri: https://api.easypost.com/beta/partners/stripe_public_key
  response:
    body:
      string: '{"public_key": "pk_x3JSr5eOVWNTLRej8cZDde9VQ0AT5"}'
    headers:
      cache-control:
      - no-cache, no-store
      content-length:
      - '49'
      content-type:
      - application/json; charset=utf-8
      etag:
      - W/"86cc970265a111486b443bf66ef85e91"
      expires:
      - '0'
      pragma:
      - no-cache
      referrer-policy:
      - strict-origin-when-cross-origin
      strict-transport-security:
      - max-age=31536000; includeSubDomains; preload
      transfer-encoding:
      - chunked
      x-backend:
      - easypost
      x-canary:
      - direct
      x-content-type-options:
      - nosniff
      x-download-options:
      - noopen
      x-ep-request-uuid:
      - c6ef69bb627afa54efb6091000243ea3
      x-frame-options:
      - SAMEORIGIN
      x-node:
      - bigweb7nuq
      x-permitted-cross-domain-policies:
      - none
      x-proxied:
      - intlb1nuq fde591f008
      - extlb1nuq c51cdb8bf2
      x-runtime:
      - '0.015331'
      x-version-label:
      - easypost-202205100008-b4df6b5700-master
      x-xss-protection:
      - 1; mode=block
    status:
      code: 200
      message: OK
- request:
    body: null
    headers:
      Accept:
      - '*/*'
      Accept-Encoding:
      - gzip, deflate
      Connection:
      - keep-alive
      Content-Length:
      - '0'
      Content-type:
      - application/x-www-form-urlencoded
      authorization:
      - REDACTED
      user-agent:
      - REDACTED
    method: POST
    uri: https://api.stripe.com/v1/tokens?card%5Bnumber%5D=4536410136126170&card%5Bexp_month%5D=05&card%5Bexp_year%5D=2028&card%5Bcvc%5D=778
  response:
    body:
      string: '{"id": "tok_0Ky2pEDqT4huGUvd49OFT76G", "object": "token", "card": {"id":
        "card_0Ky2pEDqT4huGUvdtx0MrgHS", "object": "card", "address_city": null, "address_country":
        null, "address_line1": null, "address_line1_check": null, "address_line2":
        null, "address_state": null, "address_zip": null, "address_zip_check": null,
        "brand": "Visa", "country": "US", "cvc_check": "unchecked", "dynamic_last4":
        null, "exp_month": 5, "exp_year": 2028, "funding": "credit", "last4": "6170",
        "name": null, "tokenization_method": null}, "client_ip": "REDACTED", "created":
        1652226644, "livemode": true, "type": "card", "used": false}'
    headers:
      Connection:
      - keep-alive
      Content-Length:
      - '720'
      Content-Type:
      - application/json
      Date:
      - Tue, 10 May 2022 23:50:44 GMT
      Server:
      - nginx
      Strict-Transport-Security:
      - max-age=31556926; includeSubDomains; preload
      access-control-allow-credentials:
      - 'true'
      access-control-allow-methods:
      - GET, POST, HEAD, OPTIONS, DELETE
      access-control-allow-origin:
      - '*'
      access-control-expose-headers:
      - Request-Id, Stripe-Manage-Version, X-Stripe-External-Auth-Required, X-Stripe-Privileged-Session-Required
      access-control-max-age:
      - '300'
      cache-control:
      - no-cache, no-store
      idempotency-key:
      - a085a49f-43b5-4b68-aaec-de8de0b7cf2e
      original-request:
      - req_DrIth6x6CcmOmp
      request-id:
      - req_DrIth6x6CcmOmp
      stripe-should-retry:
      - 'false'
      stripe-version:
      - '2020-08-27'
    status:
      code: 200
      message: OK
- request:
    body: '{"credit_card": {"stripe_object_id": "tok_0Ky2pEDqT4huGUvd49OFT76G", "priority":
      "primary"}}'
    headers:
      Accept:
      - '*/*'
      Accept-Encoding:
      - gzip, deflate
      Connection:
      - keep-alive
      Content-Length:
      - '92'
      Content-Type:
      - application/json
      authorization:
      - REDACTED
      user-agent:
      - REDACTED
      x-client-user-agent:
      - REDACTED
    method: POST
    uri: https://api.easypost.com/beta/credit_cards
  response:
    body:
      string: '{"id": "card_c251032486a240c1ab2b32a2046d8c62", "disabled_at": null,
        "object": "CreditCard", "name": null, "last4": "6170", "exp_month": 5, "exp_year":
        2028, "brand": "Visa"}'
    headers:
      cache-control:
      - no-cache, no-store
      content-length:
      - '159'
      content-type:
      - application/json; charset=utf-8
      etag:
      - W/"0f01685732255beab4429a1e727afe5c"
      expires:
      - '0'
      pragma:
      - no-cache
      referrer-policy:
      - strict-origin-when-cross-origin
      strict-transport-security:
      - max-age=31536000; includeSubDomains; preload
      transfer-encoding:
      - chunked
      x-backend:
      - easypost
      x-content-type-options:
      - nosniff
      x-download-options:
      - noopen
      x-ep-request-uuid:
      - c6ef69bb627afa54efb6091000243eba
      x-frame-options:
      - SAMEORIGIN
      x-node:
      - bigweb9nuq
      x-permitted-cross-domain-policies:
      - none
      x-proxied:
      - intlb2nuq fde591f008
      - extlb1nuq c51cdb8bf2
      x-runtime:
      - '3.445529'
      x-version-label:
      - easypost-202205100008-b4df6b5700-master
      x-xss-protection:
      - 1; mode=block
    status:
      code: 201
      message: Created
version: 1
