interactions:
- request:
    body: '{"shipment": {"from_address": {"name": "Jack Sparrow", "street1": "388
      Townsend St", "street2": "Apt 20", "city": "San Francisco", "state": "CA", "zip":
      "94107", "country": "US", "email": "test@example.com", "phone": "5555555555"},
      "to_address": {"name": "Elizabeth Swan", "street1": "179 N Harbor Dr", "city":
      "Redondo Beach", "state": "CA", "zip": "90277", "country": "US", "email": "test@example.com",
      "phone": "5555555555"}, "parcel": {"length": 10, "width": 8, "height": 4, "weight":
      15.4}, "customs_info": {"eel_pfc": "NOEEI 30.37(a)", "customs_certify": true,
      "customs_signer": "Steve Brule", "contents_type": "merchandise", "contents_explanation":
      "", "restriction_type": "none", "non_delivery_option": "return", "customs_items":
      [{"description": "Sweet shirts", "quantity": 2, "weight": 11, "value": 23.25,
      "hs_tariff_number": "654321", "origin_country": "US"}]}, "options": {"label_format":
      "PNG", "invoice_number": "123"}, "reference": "123"}}'
    headers:
      Accept:
      - '*/*'
      Accept-Encoding:
      - gzip, deflate
      Connection:
      - keep-alive
      Content-Length:
      - '954'
      Content-Type:
      - application/json
      authorization:
      - <REDACTED>
      user-agent:
      - <REDACTED>
    method: POST
    uri: https://api.easypost.com/v2/shipments
  response:
    body:
      string: '{"created_at": "2023-11-28T22:08:55Z", "is_return": false, "messages":
        [{"carrier": "DhlEcs", "carrier_account_id": "ca_99007e1aeb66421faf82676f1199481e",
        "type": "rate_error", "message": "shipment.customs_info.customs_items.0.code:
        field required"}, {"carrier": "DhlEcs", "carrier_account_id": "ca_c3cbbd21bc97400bbbaed6d030909476",
        "type": "rate_error", "message": "shipment.customs_info.customs_items.0.code:
        field required"}, {"carrier": "DhlEcs", "carrier_account_id": "ca_0d64fd488c1444cf9bc16f858703e28f",
        "type": "rate_error", "message": "shipment.customs_info.customs_items.0.code:
        field required"}, {"carrier": "DhlEcs", "carrier_account_id": "ca_711d8c4f9be54801b984e5dc9f2b5a7c",
        "type": "rate_error", "message": "shipment.customs_info.customs_items.0.code:
        field required"}, {"carrier": "DhlEcs", "carrier_account_id": "ca_b1a0a1bc45844159812e0224d53948ea",
        "type": "rate_error", "message": "shipment.customs_info.customs_items.0.code:
        field required"}, {"carrier": "DhlEcs", "carrier_account_id": "ca_c7b4cfaf671b4984b84023d77561394a",
        "type": "rate_error", "message": "shipment.customs_info.customs_items.0.code:
        field required"}], "mode": "test", "options": {"label_format": "PNG", "invoice_number":
        "123", "currency": "USD", "payment": {"type": "SENDER"}, "date_advance": 0},
        "reference": "123", "status": "unknown", "tracking_code": null, "updated_at":
        "2023-11-28T22:08:55Z", "batch_id": null, "batch_status": null, "batch_message":
        null, "customs_info": {"id": "cstinfo_813acea118d64a3d95d48c466a9fd193", "object":
        "CustomsInfo", "created_at": "2023-11-28T22:08:55Z", "updated_at": "2023-11-28T22:08:55Z",
        "contents_explanation": "", "contents_type": "merchandise", "customs_certify":
        true, "customs_signer": "Steve Brule", "eel_pfc": "NOEEI 30.37(a)", "non_delivery_option":
        "return", "restriction_comments": null, "restriction_type": "none", "mode":
        "test", "declaration": null, "customs_items": [{"id": "cstitem_c3b8b380d14940919b6ca9c46c865366",
        "object": "CustomsItem", "created_at": "2023-11-28T22:08:55Z", "updated_at":
        "2023-11-28T22:08:55Z", "description": "Sweet shirts", "hs_tariff_number":
        "654321", "origin_country": "US", "quantity": 2, "value": "23.25", "weight":
        11.0, "code": null, "mode": "test", "manufacturer": null, "currency": null,
        "eccn": null, "printed_commodity_identifier": null}]}, "from_address": {"id":
        "adr_b8b061aa8e3a11ee8c0bac1f6bc53342", "object": "Address", "created_at":
        "2023-11-28T22:08:55+00:00", "updated_at": "2023-11-28T22:08:55+00:00", "name":
        "Jack Sparrow", "company": null, "street1": "388 Townsend St", "street2":
        "Apt 20", "city": "San Francisco", "state": "CA", "zip": "94107", "country":
        "US", "phone": "<REDACTED>", "email": "<REDACTED>", "mode": "test", "carrier_facility":
        null, "residential": null, "federal_tax_id": null, "state_tax_id": null, "verifications":
        {}}, "insurance": null, "order_id": null, "parcel": {"id": "prcl_78f8ce6006b4410ebe73090326813d6f",
        "object": "Parcel", "created_at": "2023-11-28T22:08:55Z", "updated_at": "2023-11-28T22:08:55Z",
        "length": 10.0, "width": 8.0, "height": 4.0, "predefined_package": null, "weight":
        15.4, "mode": "test"}, "postage_label": null, "rates": [{"id": "rate_e673920ca4934fb8bbaa55d1f0ce9848",
        "object": "Rate", "created_at": "2023-11-28T22:08:55Z", "updated_at": "2023-11-28T22:08:55Z",
        "mode": "test", "service": "Express", "carrier": "USPS", "rate": "31.25",
        "currency": "USD", "retail_rate": "35.80", "retail_currency": "USD", "list_rate":
        "31.25", "list_currency": "USD", "billing_type": "easypost", "delivery_days":
        null, "delivery_date": null, "delivery_date_guaranteed": false, "est_delivery_days":
        null, "shipment_id": "shp_0773b823aa1941a693279145aa0c387a", "carrier_account_id":
        "ca_b25657e9896e4d63ac8151ac346ac41e"}, {"id": "rate_0aed4cd02b724572b8f37a6adae3526d",
        "object": "Rate", "created_at": "2023-11-28T22:08:55Z", "updated_at": "2023-11-28T22:08:55Z",
        "mode": "test", "service": "Priority", "carrier": "USPS", "rate": "6.95",
        "currency": "USD", "retail_rate": "10.20", "retail_currency": "USD", "list_rate":
        "8.24", "list_currency": "USD", "billing_type": "easypost", "delivery_days":
        2, "delivery_date": null, "delivery_date_guaranteed": false, "est_delivery_days":
        2, "shipment_id": "shp_0773b823aa1941a693279145aa0c387a", "carrier_account_id":
        "ca_b25657e9896e4d63ac8151ac346ac41e"}, {"id": "rate_cd8b10a9221e45698ff0c15df836f7c8",
        "object": "Rate", "created_at": "2023-11-28T22:08:55Z", "updated_at": "2023-11-28T22:08:55Z",
        "mode": "test", "service": "GroundAdvantage", "carrier": "USPS", "rate": "5.93",
        "currency": "USD", "retail_rate": "8.00", "retail_currency": "USD", "list_rate":
        "6.07", "list_currency": "USD", "billing_type": "easypost", "delivery_days":
        3, "delivery_date": null, "delivery_date_guaranteed": false, "est_delivery_days":
        3, "shipment_id": "shp_0773b823aa1941a693279145aa0c387a", "carrier_account_id":
        "ca_b25657e9896e4d63ac8151ac346ac41e"}, {"id": "rate_18e00efb68c84acf9bc2b764b36ab949",
        "object": "Rate", "created_at": "2023-11-28T22:08:55Z", "updated_at": "2023-11-28T22:08:55Z",
        "mode": "test", "service": "First", "carrier": "USPS", "rate": "5.93", "currency":
        "USD", "retail_rate": "8.00", "retail_currency": "USD", "list_rate": "6.07",
        "list_currency": "USD", "billing_type": "easypost", "delivery_days": 3, "delivery_date":
        null, "delivery_date_guaranteed": false, "est_delivery_days": 3, "shipment_id":
        "shp_0773b823aa1941a693279145aa0c387a", "carrier_account_id": "ca_b25657e9896e4d63ac8151ac346ac41e"},
        {"id": "rate_63e3f3d8537b4619939e11613133e651", "object": "Rate", "created_at":
        "2023-11-28T22:08:55Z", "updated_at": "2023-11-28T22:08:55Z", "mode": "test",
        "service": "ParcelSelect", "carrier": "USPS", "rate": "5.93", "currency":
        "USD", "retail_rate": "8.00", "retail_currency": "USD", "list_rate": "6.07",
        "list_currency": "USD", "billing_type": "easypost", "delivery_days": 3, "delivery_date":
        null, "delivery_date_guaranteed": false, "est_delivery_days": 3, "shipment_id":
        "shp_0773b823aa1941a693279145aa0c387a", "carrier_account_id": "ca_b25657e9896e4d63ac8151ac346ac41e"}],
        "refund_status": null, "scan_form": null, "selected_rate": null, "tracker":
        null, "to_address": {"id": "adr_b8adfcf08e3a11ee895aac1f6bc539aa", "object":
        "Address", "created_at": "2023-11-28T22:08:55+00:00", "updated_at": "2023-11-28T22:08:55+00:00",
        "name": "Elizabeth Swan", "company": null, "street1": "179 N Harbor Dr", "street2":
        null, "city": "Redondo Beach", "state": "CA", "zip": "90277", "country": "US",
        "phone": "<REDACTED>", "email": "<REDACTED>", "mode": "test", "carrier_facility":
        null, "residential": null, "federal_tax_id": null, "state_tax_id": null, "verifications":
        {}}, "usps_zone": 4, "return_address": {"id": "adr_b8b061aa8e3a11ee8c0bac1f6bc53342",
        "object": "Address", "created_at": "2023-11-28T22:08:55+00:00", "updated_at":
        "2023-11-28T22:08:55+00:00", "name": "Jack Sparrow", "company": null, "street1":
        "388 Townsend St", "street2": "Apt 20", "city": "San Francisco", "state":
        "CA", "zip": "94107", "country": "US", "phone": "<REDACTED>", "email": "<REDACTED>",
        "mode": "test", "carrier_facility": null, "residential": null, "federal_tax_id":
        null, "state_tax_id": null, "verifications": {}}, "buyer_address": {"id":
        "adr_b8adfcf08e3a11ee895aac1f6bc539aa", "object": "Address", "created_at":
        "2023-11-28T22:08:55+00:00", "updated_at": "2023-11-28T22:08:55+00:00", "name":
        "Elizabeth Swan", "company": null, "street1": "179 N Harbor Dr", "street2":
        null, "city": "Redondo Beach", "state": "CA", "zip": "90277", "country": "US",
        "phone": "<REDACTED>", "email": "<REDACTED>", "mode": "test", "carrier_facility":
        null, "residential": null, "federal_tax_id": null, "state_tax_id": null, "verifications":
        {}}, "forms": [], "fees": [], "id": "shp_0773b823aa1941a693279145aa0c387a",
        "object": "Shipment"}'
    headers:
      cache-control:
      - private, no-cache, no-store
      content-length:
      - '7265'
      content-type:
      - application/json; charset=utf-8
      expires:
      - '0'
      location:
      - /api/v2/shipments/shp_0773b823aa1941a693279145aa0c387a
      pragma:
      - no-cache
      referrer-policy:
      - strict-origin-when-cross-origin
      strict-transport-security:
      - max-age=31536000; includeSubDomains; preload
      transfer-encoding:
      - chunked
      x-backend:
      - easypost
      x-canary:
      - direct
      x-content-type-options:
      - nosniff
      x-download-options:
      - noopen
      x-ep-request-uuid:
      - 88ad7b90656664f7e78a9c71003f61fb
      x-frame-options:
      - SAMEORIGIN
      x-node:
      - bigweb32nuq
      x-permitted-cross-domain-policies:
      - none
      x-proxied:
      - intlb1nuq b3de2c47ef
      - extlb1nuq 003ad9bca0
      x-runtime:
      - '0.474838'
      x-version-label:
      - easypost-202311250013-a0f06fbc2c-master
      x-xss-protection:
      - 1; mode=block
    status:
      code: 201
      message: Created
- request:
    body: '{"rate": {"id": "rate_cd8b10a9221e45698ff0c15df836f7c8"}}'
    headers:
      Accept:
      - '*/*'
      Accept-Encoding:
      - gzip, deflate
      Connection:
      - keep-alive
      Content-Length:
      - '57'
      Content-Type:
      - application/json
      authorization:
      - <REDACTED>
      user-agent:
      - <REDACTED>
    method: POST
    uri: https://api.easypost.com/v2/shipments/shp_0773b823aa1941a693279145aa0c387a/buy
  response:
    body:
      string: '{"created_at": "2023-11-28T22:08:55Z", "is_return": false, "messages":
        [{"carrier": "DhlEcs", "carrier_account_id": "ca_99007e1aeb66421faf82676f1199481e",
        "type": "rate_error", "message": "shipment.customs_info.customs_items.0.code:
        field required"}, {"carrier": "DhlEcs", "carrier_account_id": "ca_c3cbbd21bc97400bbbaed6d030909476",
        "type": "rate_error", "message": "shipment.customs_info.customs_items.0.code:
        field required"}, {"carrier": "DhlEcs", "carrier_account_id": "ca_0d64fd488c1444cf9bc16f858703e28f",
        "type": "rate_error", "message": "shipment.customs_info.customs_items.0.code:
        field required"}, {"carrier": "DhlEcs", "carrier_account_id": "ca_711d8c4f9be54801b984e5dc9f2b5a7c",
        "type": "rate_error", "message": "shipment.customs_info.customs_items.0.code:
        field required"}, {"carrier": "DhlEcs", "carrier_account_id": "ca_b1a0a1bc45844159812e0224d53948ea",
        "type": "rate_error", "message": "shipment.customs_info.customs_items.0.code:
        field required"}, {"carrier": "DhlEcs", "carrier_account_id": "ca_c7b4cfaf671b4984b84023d77561394a",
        "type": "rate_error", "message": "shipment.customs_info.customs_items.0.code:
        field required"}], "mode": "test", "options": {"label_format": "PNG", "invoice_number":
        "123", "currency": "USD", "payment": {"type": "SENDER"}, "date_advance": 0},
        "reference": "123", "status": "unknown", "tracking_code": "9400100105442285876503",
        "updated_at": "2023-11-28T22:08:56Z", "batch_id": null, "batch_status": null,
        "batch_message": null, "customs_info": {"id": "cstinfo_813acea118d64a3d95d48c466a9fd193",
        "object": "CustomsInfo", "created_at": "2023-11-28T22:08:55Z", "updated_at":
        "2023-11-28T22:08:55Z", "contents_explanation": "", "contents_type": "merchandise",
        "customs_certify": true, "customs_signer": "Steve Brule", "eel_pfc": "NOEEI
        30.37(a)", "non_delivery_option": "return", "restriction_comments": null,
        "restriction_type": "none", "mode": "test", "declaration": null, "customs_items":
        [{"id": "cstitem_c3b8b380d14940919b6ca9c46c865366", "object": "CustomsItem",
        "created_at": "2023-11-28T22:08:55Z", "updated_at": "2023-11-28T22:08:55Z",
        "description": "Sweet shirts", "hs_tariff_number": "654321", "origin_country":
        "US", "quantity": 2, "value": "23.25", "weight": 11.0, "code": null, "mode":
        "test", "manufacturer": null, "currency": null, "eccn": null, "printed_commodity_identifier":
        null}]}, "from_address": {"id": "adr_b8b061aa8e3a11ee8c0bac1f6bc53342", "object":
        "Address", "created_at": "2023-11-28T22:08:55+00:00", "updated_at": "2023-11-28T22:08:55+00:00",
        "name": "Jack Sparrow", "company": null, "street1": "388 Townsend St", "street2":
        "Apt 20", "city": "San Francisco", "state": "CA", "zip": "94107", "country":
        "US", "phone": "<REDACTED>", "email": "<REDACTED>", "mode": "test", "carrier_facility":
        null, "residential": null, "federal_tax_id": null, "state_tax_id": null, "verifications":
        {}}, "insurance": null, "order_id": null, "parcel": {"id": "prcl_78f8ce6006b4410ebe73090326813d6f",
        "object": "Parcel", "created_at": "2023-11-28T22:08:55Z", "updated_at": "2023-11-28T22:08:55Z",
        "length": 10.0, "width": 8.0, "height": 4.0, "predefined_package": null, "weight":
        15.4, "mode": "test"}, "postage_label": {"object": "PostageLabel", "id": "pl_a391feaafe2e40288e9afe00b241f198",
        "created_at": "2023-11-28T22:08:56Z", "updated_at": "2023-11-28T22:08:56Z",
        "date_advance": 0, "integrated_form": "none", "label_date": "2023-11-28T22:08:56Z",
        "label_resolution": 300, "label_size": "4x6", "label_type": "default", "label_file_type":
        "image/png", "label_url": "https://easypost-files.s3.us-west-2.amazonaws.com/files/postage_label/20231128/e812edf03731e6436f85c4d5f9375dba74.png",
        "label_pdf_url": null, "label_zpl_url": null, "label_epl2_url": null, "label_file":
        null}, "rates": [{"id": "rate_e673920ca4934fb8bbaa55d1f0ce9848", "object":
        "Rate", "created_at": "2023-11-28T22:08:55Z", "updated_at": "2023-11-28T22:08:55Z",
        "mode": "test", "service": "Express", "carrier": "USPS", "rate": "31.25",
        "currency": "USD", "retail_rate": "35.80", "retail_currency": "USD", "list_rate":
        "31.25", "list_currency": "USD", "billing_type": "easypost", "delivery_days":
        null, "delivery_date": null, "delivery_date_guaranteed": false, "est_delivery_days":
        null, "shipment_id": "shp_0773b823aa1941a693279145aa0c387a", "carrier_account_id":
        "ca_b25657e9896e4d63ac8151ac346ac41e"}, {"id": "rate_0aed4cd02b724572b8f37a6adae3526d",
        "object": "Rate", "created_at": "2023-11-28T22:08:55Z", "updated_at": "2023-11-28T22:08:55Z",
        "mode": "test", "service": "Priority", "carrier": "USPS", "rate": "6.95",
        "currency": "USD", "retail_rate": "10.20", "retail_currency": "USD", "list_rate":
        "8.24", "list_currency": "USD", "billing_type": "easypost", "delivery_days":
        2, "delivery_date": null, "delivery_date_guaranteed": false, "est_delivery_days":
        2, "shipment_id": "shp_0773b823aa1941a693279145aa0c387a", "carrier_account_id":
        "ca_b25657e9896e4d63ac8151ac346ac41e"}, {"id": "rate_cd8b10a9221e45698ff0c15df836f7c8",
        "object": "Rate", "created_at": "2023-11-28T22:08:55Z", "updated_at": "2023-11-28T22:08:55Z",
        "mode": "test", "service": "GroundAdvantage", "carrier": "USPS", "rate": "5.93",
        "currency": "USD", "retail_rate": "8.00", "retail_currency": "USD", "list_rate":
        "6.07", "list_currency": "USD", "billing_type": "easypost", "delivery_days":
        3, "delivery_date": null, "delivery_date_guaranteed": false, "est_delivery_days":
        3, "shipment_id": "shp_0773b823aa1941a693279145aa0c387a", "carrier_account_id":
        "ca_b25657e9896e4d63ac8151ac346ac41e"}, {"id": "rate_18e00efb68c84acf9bc2b764b36ab949",
        "object": "Rate", "created_at": "2023-11-28T22:08:55Z", "updated_at": "2023-11-28T22:08:55Z",
        "mode": "test", "service": "First", "carrier": "USPS", "rate": "5.93", "currency":
        "USD", "retail_rate": "8.00", "retail_currency": "USD", "list_rate": "6.07",
        "list_currency": "USD", "billing_type": "easypost", "delivery_days": 3, "delivery_date":
        null, "delivery_date_guaranteed": false, "est_delivery_days": 3, "shipment_id":
        "shp_0773b823aa1941a693279145aa0c387a", "carrier_account_id": "ca_b25657e9896e4d63ac8151ac346ac41e"},
        {"id": "rate_63e3f3d8537b4619939e11613133e651", "object": "Rate", "created_at":
        "2023-11-28T22:08:55Z", "updated_at": "2023-11-28T22:08:55Z", "mode": "test",
        "service": "ParcelSelect", "carrier": "USPS", "rate": "5.93", "currency":
        "USD", "retail_rate": "8.00", "retail_currency": "USD", "list_rate": "6.07",
        "list_currency": "USD", "billing_type": "easypost", "delivery_days": 3, "delivery_date":
        null, "delivery_date_guaranteed": false, "est_delivery_days": 3, "shipment_id":
        "shp_0773b823aa1941a693279145aa0c387a", "carrier_account_id": "ca_b25657e9896e4d63ac8151ac346ac41e"}],
        "refund_status": null, "scan_form": null, "selected_rate": {"id": "rate_cd8b10a9221e45698ff0c15df836f7c8",
        "object": "Rate", "created_at": "2023-11-28T22:08:56Z", "updated_at": "2023-11-28T22:08:56Z",
        "mode": "test", "service": "GroundAdvantage", "carrier": "USPS", "rate": "5.93",
        "currency": "USD", "retail_rate": "8.00", "retail_currency": "USD", "list_rate":
        "6.07", "list_currency": "USD", "billing_type": "easypost", "delivery_days":
        3, "delivery_date": null, "delivery_date_guaranteed": false, "est_delivery_days":
        3, "shipment_id": "shp_0773b823aa1941a693279145aa0c387a", "carrier_account_id":
        "ca_b25657e9896e4d63ac8151ac346ac41e"}, "tracker": {"id": "trk_2c304110b0a348eca2995f3176644987",
        "object": "Tracker", "mode": "test", "tracking_code": "9400100105442285876503",
        "status": "unknown", "status_detail": "unknown", "created_at": "2023-11-28T22:08:56Z",
        "updated_at": "2023-11-28T22:08:56Z", "signed_by": null, "weight": null, "est_delivery_date":
        null, "shipment_id": "shp_0773b823aa1941a693279145aa0c387a", "carrier": "USPS",
        "tracking_details": [], "fees": [], "carrier_detail": null, "public_url":
        "https://track.easypost.com/djE6dHJrXzJjMzA0MTEwYjBhMzQ4ZWNhMjk5NWYzMTc2NjQ0OTg3"},
        "to_address": {"id": "adr_b8adfcf08e3a11ee895aac1f6bc539aa", "object": "Address",
        "created_at": "2023-11-28T22:08:55+00:00", "updated_at": "2023-11-28T22:08:55+00:00",
        "name": "ELIZABETH SWAN", "company": null, "street1": "179 N HARBOR DR", "street2":
        "", "city": "REDONDO BEACH", "state": "CA", "zip": "90277-2506", "country":
        "US", "phone": "<REDACTED>", "email": "<REDACTED>", "mode": "test", "carrier_facility":
        null, "residential": false, "federal_tax_id": null, "state_tax_id": null,
        "verifications": {"zip4": {"success": true, "errors": [], "details": null},
        "delivery": {"success": true, "errors": [], "details": {"latitude": 33.8436,
        "longitude": -118.39177, "time_zone": "America/Los_Angeles"}}}}, "usps_zone":
        4, "return_address": {"id": "adr_b8b061aa8e3a11ee8c0bac1f6bc53342", "object":
        "Address", "created_at": "2023-11-28T22:08:55+00:00", "updated_at": "2023-11-28T22:08:55+00:00",
        "name": "Jack Sparrow", "company": null, "street1": "388 Townsend St", "street2":
        "Apt 20", "city": "San Francisco", "state": "CA", "zip": "94107", "country":
        "US", "phone": "<REDACTED>", "email": "<REDACTED>", "mode": "test", "carrier_facility":
        null, "residential": null, "federal_tax_id": null, "state_tax_id": null, "verifications":
        {}}, "buyer_address": {"id": "adr_b8adfcf08e3a11ee895aac1f6bc539aa", "object":
        "Address", "created_at": "2023-11-28T22:08:55+00:00", "updated_at": "2023-11-28T22:08:55+00:00",
        "name": "ELIZABETH SWAN", "company": null, "street1": "179 N HARBOR DR", "street2":
        "", "city": "REDONDO BEACH", "state": "CA", "zip": "90277-2506", "country":
        "US", "phone": "<REDACTED>", "email": "<REDACTED>", "mode": "test", "carrier_facility":
        null, "residential": false, "federal_tax_id": null, "state_tax_id": null,
        "verifications": {"zip4": {"success": true, "errors": [], "details": null},
        "delivery": {"success": true, "errors": [], "details": {"latitude": 33.8436,
        "longitude": -118.39177, "time_zone": "America/Los_Angeles"}}}}, "forms":
        [], "fees": [{"object": "Fee", "type": "LabelFee", "amount": "0.00000", "charged":
        true, "refunded": false}, {"object": "Fee", "type": "PostageFee", "amount":
        "5.93000", "charged": true, "refunded": false}], "id": "shp_0773b823aa1941a693279145aa0c387a",
        "object": "Shipment"}'
    headers:
      cache-control:
      - private, no-cache, no-store
      content-length:
      - '9390'
      content-type:
      - application/json; charset=utf-8
      expires:
      - '0'
      pragma:
      - no-cache
      referrer-policy:
      - strict-origin-when-cross-origin
      strict-transport-security:
      - max-age=31536000; includeSubDomains; preload
      transfer-encoding:
      - chunked
      x-backend:
      - easypost
      x-content-type-options:
      - nosniff
      x-download-options:
      - noopen
      x-ep-request-uuid:
      - 88ad7b90656664f7e78a9c71003f629d
      x-frame-options:
      - SAMEORIGIN
      x-node:
      - bigweb31nuq
      x-permitted-cross-domain-policies:
      - none
      x-proxied:
      - intlb1nuq b3de2c47ef
      - extlb1nuq 003ad9bca0
      x-runtime:
      - '1.024556'
      x-version-label:
      - easypost-202311250013-a0f06fbc2c-master
      x-xss-protection:
      - 1; mode=block
    status:
      code: 200
      message: OK
- request:
    body: null
    headers:
      Accept:
      - '*/*'
      Accept-Encoding:
      - gzip, deflate
      Connection:
      - keep-alive
      authorization:
      - <REDACTED>
      user-agent:
      - <REDACTED>
    method: GET
    uri: https://api.easypost.com/v2/shipments/shp_0773b823aa1941a693279145aa0c387a/label?file_format=ZPL
  response:
    body:
      string: '{"created_at": "2023-11-28T22:08:55Z", "is_return": false, "messages":
        [{"carrier": "DhlEcs", "carrier_account_id": "ca_99007e1aeb66421faf82676f1199481e",
        "type": "rate_error", "message": "shipment.customs_info.customs_items.0.code:
        field required"}, {"carrier": "DhlEcs", "carrier_account_id": "ca_c3cbbd21bc97400bbbaed6d030909476",
        "type": "rate_error", "message": "shipment.customs_info.customs_items.0.code:
        field required"}, {"carrier": "DhlEcs", "carrier_account_id": "ca_0d64fd488c1444cf9bc16f858703e28f",
        "type": "rate_error", "message": "shipment.customs_info.customs_items.0.code:
        field required"}, {"carrier": "DhlEcs", "carrier_account_id": "ca_711d8c4f9be54801b984e5dc9f2b5a7c",
        "type": "rate_error", "message": "shipment.customs_info.customs_items.0.code:
        field required"}, {"carrier": "DhlEcs", "carrier_account_id": "ca_b1a0a1bc45844159812e0224d53948ea",
        "type": "rate_error", "message": "shipment.customs_info.customs_items.0.code:
        field required"}, {"carrier": "DhlEcs", "carrier_account_id": "ca_c7b4cfaf671b4984b84023d77561394a",
        "type": "rate_error", "message": "shipment.customs_info.customs_items.0.code:
        field required"}], "mode": "test", "options": {"label_format": "PNG", "invoice_number":
        "123", "currency": "USD", "payment": {"type": "SENDER"}, "date_advance": 0},
        "reference": "123", "status": "unknown", "tracking_code": "9400100105442285876503",
        "updated_at": "2023-11-28T22:08:56Z", "batch_id": null, "batch_status": null,
        "batch_message": null, "customs_info": {"id": "cstinfo_813acea118d64a3d95d48c466a9fd193",
        "object": "CustomsInfo", "created_at": "2023-11-28T22:08:55Z", "updated_at":
        "2023-11-28T22:08:55Z", "contents_explanation": "", "contents_type": "merchandise",
        "customs_certify": true, "customs_signer": "Steve Brule", "eel_pfc": "NOEEI
        30.37(a)", "non_delivery_option": "return", "restriction_comments": null,
        "restriction_type": "none", "mode": "test", "declaration": null, "customs_items":
        [{"id": "cstitem_c3b8b380d14940919b6ca9c46c865366", "object": "CustomsItem",
        "created_at": "2023-11-28T22:08:55Z", "updated_at": "2023-11-28T22:08:55Z",
        "description": "Sweet shirts", "hs_tariff_number": "654321", "origin_country":
        "US", "quantity": 2, "value": "23.25", "weight": 11.0, "code": null, "mode":
        "test", "manufacturer": null, "currency": null, "eccn": null, "printed_commodity_identifier":
        null}]}, "from_address": {"id": "adr_b8b061aa8e3a11ee8c0bac1f6bc53342", "object":
        "Address", "created_at": "2023-11-28T22:08:55+00:00", "updated_at": "2023-11-28T22:08:55+00:00",
        "name": "Jack Sparrow", "company": null, "street1": "388 Townsend St", "street2":
        "Apt 20", "city": "San Francisco", "state": "CA", "zip": "94107", "country":
        "US", "phone": "<REDACTED>", "email": "<REDACTED>", "mode": "test", "carrier_facility":
        null, "residential": null, "federal_tax_id": null, "state_tax_id": null, "verifications":
        {}}, "insurance": null, "order_id": null, "parcel": {"id": "prcl_78f8ce6006b4410ebe73090326813d6f",
        "object": "Parcel", "created_at": "2023-11-28T22:08:55Z", "updated_at": "2023-11-28T22:08:55Z",
        "length": 10.0, "width": 8.0, "height": 4.0, "predefined_package": null, "weight":
        15.4, "mode": "test"}, "postage_label": {"object": "PostageLabel", "id": "pl_a391feaafe2e40288e9afe00b241f198",
        "created_at": "2023-11-28T22:08:56Z", "updated_at": "2023-11-28T22:08:58Z",
        "date_advance": 0, "integrated_form": "none", "label_date": "2023-11-28T22:08:56Z",
        "label_resolution": 300, "label_size": "4x6", "label_type": "default", "label_file_type":
        "image/png", "label_url": "https://easypost-files.s3.us-west-2.amazonaws.com/files/postage_label/20231128/e812edf03731e6436f85c4d5f9375dba74.png",
        "label_pdf_url": null, "label_zpl_url": "https://easypost-files.s3-us-west-2.amazonaws.com/files/postage_label/20231128/894c0f6f53e646bbb9ee1248f3f4bc47.zpl",
        "label_epl2_url": null, "label_file": null}, "rates": [{"id": "rate_e673920ca4934fb8bbaa55d1f0ce9848",
        "object": "Rate", "created_at": "2023-11-28T22:08:55Z", "updated_at": "2023-11-28T22:08:55Z",
        "mode": "test", "service": "Express", "carrier": "USPS", "rate": "31.25",
        "currency": "USD", "retail_rate": "35.80", "retail_currency": "USD", "list_rate":
        "31.25", "list_currency": "USD", "billing_type": "easypost", "delivery_days":
        null, "delivery_date": null, "delivery_date_guaranteed": false, "est_delivery_days":
        null, "shipment_id": "shp_0773b823aa1941a693279145aa0c387a", "carrier_account_id":
        "ca_b25657e9896e4d63ac8151ac346ac41e"}, {"id": "rate_0aed4cd02b724572b8f37a6adae3526d",
        "object": "Rate", "created_at": "2023-11-28T22:08:55Z", "updated_at": "2023-11-28T22:08:55Z",
        "mode": "test", "service": "Priority", "carrier": "USPS", "rate": "6.95",
        "currency": "USD", "retail_rate": "10.20", "retail_currency": "USD", "list_rate":
        "8.24", "list_currency": "USD", "billing_type": "easypost", "delivery_days":
        2, "delivery_date": null, "delivery_date_guaranteed": false, "est_delivery_days":
        2, "shipment_id": "shp_0773b823aa1941a693279145aa0c387a", "carrier_account_id":
        "ca_b25657e9896e4d63ac8151ac346ac41e"}, {"id": "rate_cd8b10a9221e45698ff0c15df836f7c8",
        "object": "Rate", "created_at": "2023-11-28T22:08:55Z", "updated_at": "2023-11-28T22:08:55Z",
        "mode": "test", "service": "GroundAdvantage", "carrier": "USPS", "rate": "5.93",
        "currency": "USD", "retail_rate": "8.00", "retail_currency": "USD", "list_rate":
        "6.07", "list_currency": "USD", "billing_type": "easypost", "delivery_days":
        3, "delivery_date": null, "delivery_date_guaranteed": false, "est_delivery_days":
        3, "shipment_id": "shp_0773b823aa1941a693279145aa0c387a", "carrier_account_id":
        "ca_b25657e9896e4d63ac8151ac346ac41e"}, {"id": "rate_18e00efb68c84acf9bc2b764b36ab949",
        "object": "Rate", "created_at": "2023-11-28T22:08:55Z", "updated_at": "2023-11-28T22:08:55Z",
        "mode": "test", "service": "First", "carrier": "USPS", "rate": "5.93", "currency":
        "USD", "retail_rate": "8.00", "retail_currency": "USD", "list_rate": "6.07",
        "list_currency": "USD", "billing_type": "easypost", "delivery_days": 3, "delivery_date":
        null, "delivery_date_guaranteed": false, "est_delivery_days": 3, "shipment_id":
        "shp_0773b823aa1941a693279145aa0c387a", "carrier_account_id": "ca_b25657e9896e4d63ac8151ac346ac41e"},
        {"id": "rate_63e3f3d8537b4619939e11613133e651", "object": "Rate", "created_at":
        "2023-11-28T22:08:55Z", "updated_at": "2023-11-28T22:08:55Z", "mode": "test",
        "service": "ParcelSelect", "carrier": "USPS", "rate": "5.93", "currency":
        "USD", "retail_rate": "8.00", "retail_currency": "USD", "list_rate": "6.07",
        "list_currency": "USD", "billing_type": "easypost", "delivery_days": 3, "delivery_date":
        null, "delivery_date_guaranteed": false, "est_delivery_days": 3, "shipment_id":
        "shp_0773b823aa1941a693279145aa0c387a", "carrier_account_id": "ca_b25657e9896e4d63ac8151ac346ac41e"}],
        "refund_status": null, "scan_form": null, "selected_rate": {"id": "rate_cd8b10a9221e45698ff0c15df836f7c8",
        "object": "Rate", "created_at": "2023-11-28T22:08:56Z", "updated_at": "2023-11-28T22:08:56Z",
        "mode": "test", "service": "GroundAdvantage", "carrier": "USPS", "rate": "5.93",
        "currency": "USD", "retail_rate": "8.00", "retail_currency": "USD", "list_rate":
        "6.07", "list_currency": "USD", "billing_type": "easypost", "delivery_days":
        3, "delivery_date": null, "delivery_date_guaranteed": false, "est_delivery_days":
        3, "shipment_id": "shp_0773b823aa1941a693279145aa0c387a", "carrier_account_id":
        "ca_b25657e9896e4d63ac8151ac346ac41e"}, "tracker": {"id": "trk_2c304110b0a348eca2995f3176644987",
        "object": "Tracker", "mode": "test", "tracking_code": "9400100105442285876503",
        "status": "pre_transit", "status_detail": "status_update", "created_at": "2023-11-28T22:08:56Z",
        "updated_at": "2023-11-28T22:08:56Z", "signed_by": null, "weight": null, "est_delivery_date":
        "2023-11-28T22:08:56Z", "shipment_id": "shp_0773b823aa1941a693279145aa0c387a",
        "carrier": "USPS", "tracking_details": [{"object": "TrackingDetail", "message":
        "Pre-Shipment Info Sent to USPS", "description": "", "status": "pre_transit",
        "status_detail": "status_update", "datetime": "2023-10-28T22:08:56Z", "source":
        "USPS", "carrier_code": "", "tracking_location": {"object": "TrackingLocation",
        "city": null, "state": null, "country": null, "zip": null}}, {"object": "TrackingDetail",
        "message": "Shipping Label Created", "description": "", "status": "pre_transit",
        "status_detail": "status_update", "datetime": "2023-10-29T10:45:56Z", "source":
        "USPS", "carrier_code": "", "tracking_location": {"object": "TrackingLocation",
        "city": "HOUSTON", "state": "TX", "country": null, "zip": "77063"}}], "fees":
        [], "carrier_detail": {"object": "CarrierDetail", "service": "First-Class
        Package Service", "container_type": null, "est_delivery_date_local": null,
        "est_delivery_time_local": null, "origin_location": "HOUSTON TX, 77001", "origin_tracking_location":
        {"object": "TrackingLocation", "city": "HOUSTON", "state": "TX", "country":
        null, "zip": "77063"}, "destination_location": "CHARLESTON SC, 29401", "destination_tracking_location":
        null, "guaranteed_delivery_date": null, "alternate_identifier": null, "initial_delivery_attempt":
        null}, "public_url": "https://track.easypost.com/djE6dHJrXzJjMzA0MTEwYjBhMzQ4ZWNhMjk5NWYzMTc2NjQ0OTg3"},
        "to_address": {"id": "adr_b8adfcf08e3a11ee895aac1f6bc539aa", "object": "Address",
        "created_at": "2023-11-28T22:08:55+00:00", "updated_at": "2023-11-28T22:08:55+00:00",
        "name": "ELIZABETH SWAN", "company": null, "street1": "179 N HARBOR DR", "street2":
        null, "city": "REDONDO BEACH", "state": "CA", "zip": "90277-2506", "country":
        "US", "phone": "<REDACTED>", "email": "<REDACTED>", "mode": "test", "carrier_facility":
        null, "residential": false, "federal_tax_id": null, "state_tax_id": null,
        "verifications": {"zip4": {"success": true, "errors": [], "details": null},
        "delivery": {"success": true, "errors": [], "details": {"latitude": 33.8436,
        "longitude": -118.39177, "time_zone": "America/Los_Angeles"}}}}, "usps_zone":
        4, "return_address": {"id": "adr_b8b061aa8e3a11ee8c0bac1f6bc53342", "object":
        "Address", "created_at": "2023-11-28T22:08:55+00:00", "updated_at": "2023-11-28T22:08:55+00:00",
        "name": "Jack Sparrow", "company": null, "street1": "388 Townsend St", "street2":
        "Apt 20", "city": "San Francisco", "state": "CA", "zip": "94107", "country":
        "US", "phone": "<REDACTED>", "email": "<REDACTED>", "mode": "test", "carrier_facility":
        null, "residential": null, "federal_tax_id": null, "state_tax_id": null, "verifications":
        {}}, "buyer_address": {"id": "adr_b8adfcf08e3a11ee895aac1f6bc539aa", "object":
        "Address", "created_at": "2023-11-28T22:08:55+00:00", "updated_at": "2023-11-28T22:08:55+00:00",
        "name": "ELIZABETH SWAN", "company": null, "street1": "179 N HARBOR DR", "street2":
        null, "city": "REDONDO BEACH", "state": "CA", "zip": "90277-2506", "country":
        "US", "phone": "<REDACTED>", "email": "<REDACTED>", "mode": "test", "carrier_facility":
        null, "residential": false, "federal_tax_id": null, "state_tax_id": null,
        "verifications": {"zip4": {"success": true, "errors": [], "details": null},
        "delivery": {"success": true, "errors": [], "details": {"latitude": 33.8436,
        "longitude": -118.39177, "time_zone": "America/Los_Angeles"}}}}, "forms":
        [], "fees": [{"object": "Fee", "type": "LabelFee", "amount": "0.00000", "charged":
        true, "refunded": false}, {"object": "Fee", "type": "PostageFee", "amount":
        "5.93000", "charged": true, "refunded": false}], "id": "shp_0773b823aa1941a693279145aa0c387a",
        "object": "Shipment"}'
    headers:
      cache-control:
      - private, no-cache, no-store
      content-length:
      - '10633'
      content-type:
      - application/json; charset=utf-8
      expires:
      - '0'
      pragma:
      - no-cache
      referrer-policy:
      - strict-origin-when-cross-origin
      strict-transport-security:
      - max-age=31536000; includeSubDomains; preload
      transfer-encoding:
      - chunked
      x-backend:
      - easypost
      x-content-type-options:
      - nosniff
      x-download-options:
      - noopen
      x-ep-request-uuid:
      - 88ad7b90656664f9e78a9c71003f638d
      x-frame-options:
      - SAMEORIGIN
      x-node:
      - bigweb42nuq
      x-permitted-cross-domain-policies:
      - none
      x-proxied:
      - intlb2nuq b3de2c47ef
      - extlb1nuq 003ad9bca0
      x-runtime:
      - '1.551822'
      x-version-label:
      - easypost-202311250013-a0f06fbc2c-master
      x-xss-protection:
      - 1; mode=block
    status:
      code: 200
      message: OK
version: 1
