interactions:
- request:
    body: '{"batch": {"shipments": [{"to_address": {"name": "Jack Sparrow", "street1":
      "388 Townsend St", "street2": "Apt 20", "city": "San Francisco", "state": "CA",
      "zip": "94107", "country": "US", "email": "test@example.com", "phone": "5555555555"},
      "from_address": {"name": "Elizabeth Swan", "street1": "179 N Harbor Dr", "city":
      "Redondo Beach", "state": "CA", "zip": "90277", "country": "US", "email": "test@example.com",
      "phone": "5555555555"}, "parcel": {"length": 10, "width": 8, "height": 4, "weight":
      15.4}, "service": "GroundAdvantage", "carrier_accounts": ["ca_b25657e9896e4d63ac8151ac346ac41e"],
      "carrier": "USPS"}]}}'
    headers:
      Accept:
      - '*/*'
      Accept-Encoding:
      - gzip, deflate
      Connection:
      - keep-alive
      Content-Length:
      - '620'
      Content-Type:
      - application/json
      authorization:
      - <REDACTED>
      user-agent:
      - <REDACTED>
    method: POST
    uri: https://api.easypost.com/v2/batches
  response:
    body:
      string: '{"id": "batch_001d59925fc04776b0279ab6f4ef6774", "object": "Batch",
        "mode": "test", "state": "creating", "num_shipments": 1, "reference": null,
        "created_at": "2024-08-15T19:52:09Z", "updated_at": "2024-08-15T19:52:09Z",
        "scan_form": null, "shipments": [], "status": {"created": 0, "queued_for_purchase":
        0, "creation_failed": 0, "postage_purchased": 0, "postage_purchase_failed":
        0}, "pickup": null, "label_url": null}'
    headers:
      cache-control:
      - private, no-cache, no-store
      content-length:
      - '384'
      content-type:
      - application/json; charset=utf-8
      expires:
      - '0'
      pragma:
      - no-cache
      referrer-policy:
      - strict-origin-when-cross-origin
      strict-transport-security:
      - max-age=31536000; includeSubDomains; preload
      transfer-encoding:
      - chunked
      x-backend:
      - easypost
      x-content-type-options:
      - nosniff
      x-download-options:
      - noopen
      x-ep-request-uuid:
      - 62c1f5da66be5c68e7885de40016f0a9
      x-frame-options:
      - SAMEORIGIN
      x-node:
      - bigweb53nuq
      x-permitted-cross-domain-policies:
      - none
      x-proxied:
      - intlb4nuq c0f5e722d1
      - extlb2nuq b6e1b5034c
      x-runtime:
      - '0.044697'
      x-version-label:
      - easypost-202408151917-1527448f18-master
      x-xss-protection:
      - 1; mode=block
    status:
      code: 200
      message: OK
- request:
    body: '{}'
    headers:
      Accept:
      - '*/*'
      Accept-Encoding:
      - gzip, deflate
      Connection:
      - keep-alive
      Content-Length:
      - '2'
      Content-Type:
      - application/json
      authorization:
      - <REDACTED>
      user-agent:
      - <REDACTED>
    method: POST
    uri: https://api.easypost.com/v2/batches/batch_001d59925fc04776b0279ab6f4ef6774/buy
  response:
    body:
      string: '{"id": "batch_001d59925fc04776b0279ab6f4ef6774", "object": "Batch",
        "mode": "test", "state": "created", "num_shipments": 1, "reference": null,
        "created_at": "2024-08-15T19:52:09Z", "updated_at": "2024-08-15T19:52:09Z",
        "scan_form": null, "shipments": [{"batch_status": "queued_for_purchase", "batch_message":
        null, "reference": null, "tracking_code": null, "id": "shp_717bd6cd1eaa4d078b4978a6d9457eda"}],
        "status": {"created": 1, "queued_for_purchase": 0, "creation_failed": 0, "postage_purchased":
        0, "postage_purchase_failed": 0}, "pickup": null, "label_url": null}'
    headers:
      cache-control:
      - private, no-cache, no-store
      content-length:
      - '524'
      content-type:
      - application/json; charset=utf-8
      expires:
      - '0'
      pragma:
      - no-cache
      referrer-policy:
      - strict-origin-when-cross-origin
      strict-transport-security:
      - max-age=31536000; includeSubDomains; preload
      transfer-encoding:
      - chunked
      x-backend:
      - easypost
      x-content-type-options:
      - nosniff
      x-download-options:
      - noopen
      x-ep-request-uuid:
      - 62c1f5da66be5c6ee7885de40016f5fb
      x-frame-options:
      - SAMEORIGIN
      x-node:
      - bigweb33nuq
      x-permitted-cross-domain-policies:
      - none
      x-proxied:
      - intlb3nuq c0f5e722d1
      - extlb2nuq b6e1b5034c
      x-runtime:
      - '0.057053'
      x-version-label:
      - easypost-202408151917-1527448f18-master
      x-xss-protection:
      - 1; mode=block
    status:
      code: 200
      message: OK
- request:
    body: '{"file_format": "ZPL"}'
    headers:
      Accept:
      - '*/*'
      Accept-Encoding:
      - gzip, deflate
      Connection:
      - keep-alive
      Content-Length:
      - '22'
      Content-Type:
      - application/json
      authorization:
      - <REDACTED>
      user-agent:
      - <REDACTED>
    method: POST
    uri: https://api.easypost.com/v2/batches/batch_001d59925fc04776b0279ab6f4ef6774/label
  response:
    body:
      string: '{"id": "batch_001d59925fc04776b0279ab6f4ef6774", "object": "Batch",
        "mode": "test", "state": "label_generating", "num_shipments": 1, "reference":
        null, "created_at": "2024-08-15T19:52:09Z", "updated_at": "2024-08-15T19:52:19Z",
        "scan_form": null, "shipments": [{"batch_status": "postage_purchased", "batch_message":
        null, "reference": null, "tracking_code": "9400100105807075742206", "id":
        "shp_717bd6cd1eaa4d078b4978a6d9457eda"}], "status": {"created": 0, "queued_for_purchase":
        0, "creation_failed": 0, "postage_purchased": 1, "postage_purchase_failed":
        0}, "pickup": null, "label_url": null}'
    headers:
      cache-control:
      - private, no-cache, no-store
      content-length:
      - '551'
      content-type:
      - application/json; charset=utf-8
      expires:
      - '0'
      pragma:
      - no-cache
      referrer-policy:
      - strict-origin-when-cross-origin
      strict-transport-security:
      - max-age=31536000; includeSubDomains; preload
      transfer-encoding:
      - chunked
      x-backend:
      - easypost
      x-content-type-options:
      - nosniff
      x-download-options:
      - noopen
      x-ep-request-uuid:
      - 62c1f5da66be5c73e7885de40016fb0f
      x-frame-options:
      - SAMEORIGIN
      x-node:
      - bigweb34nuq
      x-permitted-cross-domain-policies:
      - none
      x-proxied:
      - intlb4nuq c0f5e722d1
      - extlb2nuq b6e1b5034c
      x-runtime:
      - '0.040979'
      x-version-label:
      - easypost-202408151917-1527448f18-master
      x-xss-protection:
      - 1; mode=block
    status:
      code: 200
      message: OK
version: 1
