interactions:
- request:
    body: '{"webhook": {"url": "http://example.com"}}'
    headers:
      Accept:
      - '*/*'
      Accept-Encoding:
      - gzip, deflate
      Connection:
      - keep-alive
      Content-Length:
      - '42'
      Content-Type:
      - application/json
      authorization:
      - <REDACTED>
      user-agent:
      - <REDACTED>
    method: POST
    uri: https://api.easypost.com/v2/webhooks
  response:
    body:
      string: '{"id": "hook_77f0ac141ccb11ed9ec50747fbc0b97a", "object": "Webhook",
        "mode": "test", "url": "http://example.com", "created_at": "2022-08-15T18:52:53Z",
        "disabled_at": null}'
    headers:
      cache-control:
      - private, no-cache, no-store
      content-length:
      - '161'
      content-type:
      - application/json; charset=utf-8
      etag:
      - W/"5f9112aae34ec57e65b7664609e96225"
      expires:
      - '0'
      pragma:
      - no-cache
      referrer-policy:
      - strict-origin-when-cross-origin
      strict-transport-security:
      - max-age=31536000; includeSubDomains; preload
      transfer-encoding:
      - chunked
      x-backend:
      - easypost
      x-content-type-options:
      - nosniff
      x-download-options:
      - noopen
      x-ep-request-uuid:
      - f43af47e62fa9605e79a7e4200263afa
      x-frame-options:
      - SAMEORIGIN
      x-node:
      - bigweb3nuq
      x-permitted-cross-domain-policies:
      - none
      x-proxied:
      - intlb2nuq 6aa9972c1e
      - extlb1nuq 9ce216bfac
      x-runtime:
      - '0.194482'
      x-version-label:
      - easypost-202208151827-9b2100b5ad-master
      x-xss-protection:
      - 1; mode=block
    status:
      code: 201
      message: Created
- request:
    body: null
    headers:
      Accept:
      - '*/*'
      Accept-Encoding:
      - gzip, deflate
      Connection:
      - keep-alive
      authorization:
      - <REDACTED>
      user-agent:
      - <REDACTED>
    method: GET
    uri: https://api.easypost.com/v2/webhooks/hook_77f0ac141ccb11ed9ec50747fbc0b97a
  response:
    body:
      string: '{"id": "hook_77f0ac141ccb11ed9ec50747fbc0b97a", "object": "Webhook",
        "mode": "test", "url": "http://example.com", "created_at": "2022-08-15T18:52:53Z",
        "disabled_at": null}'
    headers:
      cache-control:
      - private, no-cache, no-store
      content-length:
      - '161'
      content-type:
      - application/json; charset=utf-8
      etag:
      - W/"5f9112aae34ec57e65b7664609e96225"
      expires:
      - '0'
      pragma:
      - no-cache
      referrer-policy:
      - strict-origin-when-cross-origin
      strict-transport-security:
      - max-age=31536000; includeSubDomains; preload
      transfer-encoding:
      - chunked
      x-backend:
      - easypost
      x-content-type-options:
      - nosniff
      x-download-options:
      - noopen
      x-ep-request-uuid:
      - f43af47e62fa9605e79a7e4200263b14
      x-frame-options:
      - SAMEORIGIN
      x-node:
      - bigweb8nuq
      x-permitted-cross-domain-policies:
      - none
      x-proxied:
      - intlb1nuq 6aa9972c1e
      - extlb1nuq 9ce216bfac
      x-runtime:
      - '0.025640'
      x-version-label:
      - easypost-202208151827-9b2100b5ad-master
      x-xss-protection:
      - 1; mode=block
    status:
      code: 200
      message: OK
- request:
    body: null
    headers:
      Accept:
      - '*/*'
      Accept-Encoding:
      - gzip, deflate
      Connection:
      - keep-alive
      Content-Length:
      - '0'
      authorization:
      - <REDACTED>
      user-agent:
      - <REDACTED>
    method: DELETE
    uri: https://api.easypost.com/v2/webhooks/hook_77f0ac141ccb11ed9ec50747fbc0b97a
  response:
    body:
      string: '{}'
    headers:
      cache-control:
      - private, no-cache, no-store
      content-length:
      - '2'
      content-type:
      - application/json; charset=utf-8
      etag:
      - W/"44136fa355b3678a1146ad16f7e8649e"
      expires:
      - '0'
      pragma:
      - no-cache
      referrer-policy:
      - strict-origin-when-cross-origin
      strict-transport-security:
      - max-age=31536000; includeSubDomains; preload
      transfer-encoding:
      - chunked
      x-backend:
      - easypost
      x-canary:
      - direct
      x-content-type-options:
      - nosniff
      x-download-options:
      - noopen
      x-ep-request-uuid:
      - f43af47e62fa9605e79a7e4200263b23
      x-frame-options:
      - SAMEORIGIN
      x-node:
      - bigweb7nuq
      x-permitted-cross-domain-policies:
      - none
      x-proxied:
      - intlb2nuq 6aa9972c1e
      - extlb1nuq 9ce216bfac
      x-runtime:
      - '0.364445'
      x-version-label:
      - easypost-202208151827-9b2100b5ad-master
      x-xss-protection:
      - 1; mode=block
    status:
      code: 200
      message: OK
version: 1
